// Jest Snapshot v1, https://goo.gl/fbAQLP

exports[`Search component renders Search 1`] = `
<DocumentFragment>
  <form
    style="text-align: center;"
  >
    <input
      placeholder="Search articles"
    />
  </form>
</DocumentFragment>
`;
