// Jest Snapshot v1, https://goo.gl/fbAQLP

exports[`Header component renders Header 1`] = `
<DocumentFragment>
  <header
    style="height: 120px; border: 3px solid black; color: white; background: black; font-family: fantasy;"
  >
    <h1
      style="text-align: center;"
    >
      Search Articles
    </h1>
    <form
      style="text-align: center;"
    >
      <input
        placeholder="Search articles"
      />
    </form>
  </header>
</DocumentFragment>
`; 


